Compiling lib\main.dart for the Web...                          
flutter : Wasm dry run 
findings:
At line:1 char:1
+ flutter build web 
--release > 
build_errors.txt 2>&1
+ ~~~~~~~~~~~~~~~~~~~~~~~~~~
~~~~~~~~~~~~~~~~~~~~~~~~~
    + CategoryInfo          
    : NotSpecified: (Wasm   
  dry run findings::Strin   
 g) [], RemoteException
    + FullyQualifiedErrorId 
    : NativeCommandError
 
Found incompatibilities 
with WebAssembly.

package:app_links/src/app_li
nks_web.dart 1:1 - 
dart:html unsupported (0)
package:flutter_secure_stora
ge_web/flutter_secure_storag
e_web.dart 5:1 - dart:html 
unsupported (0)
package:image_picker_web/ima
ge_picker_web.dart 5:1 - 
dart:html unsupported (0)
package:mobile_scanner/mobil
e_scanner_web_plugin.dart 
2:1 - dart:html unsupported 
(0)
package:flutter_secure_stora
ge_web/src/subtle.dart 21:1 
- dart:html unsupported (0)
package:image_picker_web/src
/extensions/file_extensions.
dart 2:1 - dart:html 
unsupported (0)
package:image_picker_web/src
/web_image_picker.dart 2:1 
- dart:html unsupported (0)
package:js/js.dart 10:1 - 
dart:js unsupported (1)
package:mobile_scanner/src/w
eb/base.dart 1:1 - 
dart:html unsupported (0)
package:mobile_scanner/src/w
eb/jsqr.dart 5:1 - 
dart:html unsupported (0)
package:mobile_scanner/src/w
eb/zxing.dart 2:1 - 
dart:html unsupported (0)
package:flutter_secure_stora
ge_web/flutter_secure_storag
e_web.dart 6:1 - JS interop 
library 'dart:js_util' 
can't be imported when 
compiling to Wasm. (2)
package:flutter_secure_stora
ge_web/src/subtle.dart 22:1 
- JS interop library 
'dart:js_util' can't be 
imported when compiling to 
Wasm. (2)
package:flutter_secure_stora
ge_web/src/subtle.dart 26:1 
- JS interop library 
'package:js/js.dart' can't 
be imported when compiling 
to Wasm. (2)
package:mobile_scanner/src/w
eb/base.dart 4:1 - JS 
interop library 
'package:js/js.dart' can't 
be imported when compiling 
to Wasm. (2)
package:mobile_scanner/src/w
eb/base.dart 5:1 - JS 
interop library 
'package:js/js_util.dart' 
can't be imported when 
compiling to Wasm. (2)
package:mobile_scanner/src/w
eb/jsqr.dart 8:1 - JS 
interop library 
'package:js/js.dart' can't 
be imported when compiling 
to Wasm. (2)
package:mobile_scanner/src/w
eb/zxing.dart 6:1 - JS 
interop library 
'package:js/js.dart' can't 
be imported when compiling 
to Wasm. (2)
package:mobile_scanner/src/w
eb/media.dart 7:1 - JS 
interop library 
'package:js/js.dart' can't 
be imported when compiling 
to Wasm. (2)
file:///C:/Users/DAVARAYA/Ap
pData/Local/Pub/Cache/hosted
/pub.dev/image-4.5.4/lib/src
/exif/ifd_directory.dart 
174:26 - 
avoid_double_and_int_checks 
lint violation: Explicit 
check for double or int. 
(13)
file:///C:/Users/DAVARAYA/Ap
pData/Local/Pub/Cache/hosted
/pub.dev/image-4.5.4/lib/src
/exif/ifd_directory.dart 
183:26 - 
avoid_double_and_int_checks 
lint violation: Explicit 
check for double or int. 
(13)

Consider addressing these 
issues to enable wasm 
builds. See docs for more 
info: https://docs.flutter.d
ev/platform-integration/web/
wasm

Use --no-wasm-dry-run to 
disable these warnings.
Target dart2js failed: 
ProcessException: Process 
exited abnormally with exit 
code 1:
lib/features/cashier/present
ation/pages/dashboard_page.d
art:776:26:
Error: The getter 
'AppColors' isn't defined 
for the type 
'_DashboardPageState'.
 - '_DashboardPageState' is 
from 'package:utter_app/feat
ures/cashier/presentation/pa
ges/dashboard_page.dart' ('l
ib/features/cashier/presenta
tion/pages/dashboard_page.da
rt').
        backgroundColor: 
AppColors.infoBlue,
                         
^^^^^^^^^
lib/core/services/ai_service
.dart:129:26:
Error: The getter 
'isActive' isn't defined 
for the type 'Product'.
 - 'Product' is from 'packag
e:utter_app/features/shared/
models/models.dart' ('lib/fe
atures/shared/models/models.
dart').
          'is_active': 
p.isActive,
                         
^^^^^^^^
Error: Compilation failed.
  Command: D:\flutter\bin\ca
che\dart-sdk\bin\dart.exe 
compile js --platform-binari
es=D:\flutter\bin\cache\flut
ter_web_sdk\kernel 
--invoker=flutter_tool 
-Ddart.vm.product=true 
-DFLUTTER_VERSION=3.38.7 
-DFLUTTER_CHANNEL=stable -DF
LUTTER_GIT_URL=https://githu
b.com/flutter/flutter.git -D
FLUTTER_FRAMEWORK_REVISION=3
b62efc2a3 -DFLUTTER_ENGINE_R
EVISION=78fc3012e4 -DFLUTTER
_DART_VERSION=3.10.7 
-DFLUTTER_WEB_USE_SKIA=true 
-DFLUTTER_WEB_USE_SKWASM=fal
se -DFLUTTER_WEB_CANVASKIT_U
RL=https://www.gstatic.com/f
lutter-canvaskit/78fc3012e45
889657f72359b005af7beac47ba3
d/ --native-null-assertions 
--no-source-maps -O4 
--minify -o D:\UtterProject\
utter_app\.dart_tool\flutter
_build\aef8fc65703ddff1e9a83
0f2d0bce362\app.dill --packa
ges=D:\UtterProject\utter_ap
p\.dart_tool\package_config.
json --cfe-only D:\UtterProj
ect\utter_app\.dart_tool\flu
tter_build\aef8fc65703ddff1e
9a830f2d0bce362\main.dart
#0      
RunResult.throwException (pa
ckage:flutter_tools/src/base
/process.dart:153:5)
#1      
_DefaultProcessUtils.run (pa
ckage:flutter_tools/src/base
/process.dart:379:19)
<asynchronous suspension>
#2      Dart2JSTarget.build 
(package:flutter_tools/src/b
uild_system/targets/web.dart
:207:5)
<asynchronous suspension>
#3      _BuildInstance._invo
keInternal (package:flutter_
tools/src/build_system/build
_system.dart:895:9)
<asynchronous suspension>
#4      
Future.wait.<anonymous 
closure> (dart:async/future.
dart:546:21)
<asynchronous suspension>
#5      
_BuildInstance.invokeTarget 
(package:flutter_tools/src/b
uild_system/build_system.dar
t:833:32)
<asynchronous suspension>
#6      
Future.wait.<anonymous 
closure> (dart:async/future.
dart:546:21)
<asynchronous suspension>
#7      
_BuildInstance.invokeTarget 
(package:flutter_tools/src/b
uild_system/build_system.dar
t:833:32)
<asynchronous suspension>
#8      
FlutterBuildSystem.build (pa
ckage:flutter_tools/src/buil
d_system/build_system.dart:6
53:16)
<asynchronous suspension>
#9      WebBuilder.buildWeb 
(package:flutter_tools/src/w
eb/compile.dart:94:34)
<asynchronous suspension>
#10     
BuildWebCommand.runCommand (
package:flutter_tools/src/co
mmands/build_web.dart:296:5)
<asynchronous suspension>
#11     FlutterCommand.run.<
anonymous closure> (package:
flutter_tools/src/runner/flu
tter_command.dart:1559:27)
<asynchronous suspension>
#12     
AppContext.run.<anonymous 
closure> (package:flutter_to
ols/src/base/context.dart:15
4:19)
<asynchronous suspension>
#13     
CommandRunner.runCommand (pa
ckage:args/command_runner.da
rt:212:13)
<asynchronous suspension>
#14     FlutterCommandRunner
.runCommand.<anonymous 
closure> (package:flutter_to
ols/src/runner/flutter_comma
nd_runner.dart:487:9)
<asynchronous suspension>
#15     
AppContext.run.<anonymous 
closure> (package:flutter_to
ols/src/base/context.dart:15
4:19)
<asynchronous suspension>
#16     FlutterCommandRunner
.runCommand (package:flutter
_tools/src/runner/flutter_co
mmand_runner.dart:422:5)
<asynchronous suspension>
#17     run.<anonymous 
closure>.<anonymous 
closure> (package:flutter_to
ols/runner.dart:104:11)
<asynchronous suspension>
#18     
AppContext.run.<anonymous 
closure> (package:flutter_to
ols/src/base/context.dart:15
4:19)
<asynchronous suspension>
#19     main (package:flutte
r_tools/executable.dart:103:
3)
<asynchronous suspension>

Compiling lib\main.dart for the Web...                             71.6s
Error: Failed to compile 
application for the Web.
